Script started on 2022-06-30 03:15:31+05:30 [TERM="xterm-256color" TTY="/dev/pts/0" COLUMNS="120" LINES="30"]
]0;root@TIGER03312: ~root@TIGER03312:~# pwd
/root
]0;root@TIGER03312: ~root@TIGER03312:~# mkdir my_project
]0;root@TIGER03312: ~root@TIGER03312:~# pwd
/root
]0;root@TIGER03312: ~root@TIGER03312:~# cd [K[K[Kls
my_git_session  [0m[01;34mmy_project[0m  my_unix_session  [01;34mshell-lesson-data[0m  shell-lesson-data.zip:Zone.Identifier  unix_session
]0;root@TIGER03312: ~root@TIGER03312:~# cd my_project
]0;root@TIGER03312: ~/my_projectroot@TIGER03312:~/my_project# git init
Initialized empty Git repository in /root/my_project/.git/
]0;root@TIGER03312: ~/my_projectroot@TIGER03312:~/my_project# git add *.c
fatal: pathspec '*.c' did not match any files
]0;root@TIGER03312: ~/my_projectroot@TIGER03312:~/my_project# git add LICENSE
fatal: pathspec 'LICENSE' did not match any files
]0;root@TIGER03312: ~/my_projectroot@TIGER03312:~/my_project# git commit -m 'Initial project version'
On branch master

Initial commit

nothing to commit (create/copy files and use "git add" to track)
]0;root@TIGER03312: ~/my_projectroot@TIGER03312:~/my_project# $ git status
$: command not found
]0;root@TIGER03312: ~/my_projectroot@TIGER03312:~/my_project# $ git status[1P[1P
On branch master

No commits yet

nothing to commit (create/copy files and use "git add" to track)
]0;root@TIGER03312: ~/my_projectroot@TIGER03312:~/my_project# echo 'My Project' > README
]0;root@TIGER03312: ~/my_projectroot@TIGER03312:~/my_project# git status
On branch master

No commits yet

Untracked files:
  (use "git add <file>..." to include in what will be committed)
	[31mREADME[m

nothing added to commit but untracked files present (use "git add" to track)
]0;root@TIGER03312: ~/my_projectroot@TIGER03312:~/my_project# exit
exit

Script done on 2022-06-30 03:23:13+05:30 [COMMAND_EXIT_CODE="0"]
